// Jest Snapshot v1, https://goo.gl/fbAQLP

exports[`Test Button component [Render] match snapshot 1`] = `
<div
  className="todo-list flex flex-col h-full"
  data-testid="normalTodoList"
>
  <div
    className="flex justify-between items-center pl-6 pr-5 h-[3.125rem]"
    data-testid="todoListHeader"
  >
    <div
      className="text-title-2 text-primary-blue h-[2.625rem]"
    />
    <div
      className="right-wrap"
    >
      <button
        className="ant-btn ant-btn-circle ant-btn-text ant-btn-sm ant-btn-icon-only mr-6"
        data-disabled={false}
        disabled={false}
        onClick={[Function]}
        type="button"
      >
        <svg
          aria-hidden="true"
          className="rm-new-reminder-icon glyph-box"
          fill="#0071EB"
          version="1.1"
          viewBox="0 0 80.567626953125 80.6142578125"
          xmlns="http://www.w3.org/2000/svg"
        >
          <g
            transform="matrix(1 0 0 1 -12.4511572265626 75.537109375)"
          >
            <path
              d="M12.4512-35.2539C12.4512-32.8613 14.4531-30.9082 16.7969-30.9082L48.3887-30.9082L48.3887 0.683594C48.3887 3.02734 50.3418 5.0293 52.7344 5.0293C55.127 5.0293 57.1289 3.02734 57.1289 0.683594L57.1289-30.9082L88.6719-30.9082C91.0156-30.9082 93.0176-32.8613 93.0176-35.2539C93.0176-37.6465 91.0156-39.6484 88.6719-39.6484L57.1289-39.6484L57.1289-71.1914C57.1289-73.5352 55.127-75.5371 52.7344-75.5371C50.3418-75.5371 48.3887-73.5352 48.3887-71.1914L48.3887-39.6484L16.7969-39.6484C14.4531-39.6484 12.4512-37.6465 12.4512-35.2539Z"
            />
          </g>
        </svg>
      </button>
      <button
        className="ant-btn ant-btn-circle ant-btn-text ant-btn-sm ant-btn-icon-only"
        data-disabled={false}
        disabled={false}
        onClick={[Function]}
        type="button"
      >
        <svg
          aria-hidden="true"
          className="list-detail-icon glyph-box"
          fill="#0071EB"
          version="1.1"
          viewBox="0 0 99.6099853515625 99.6572265625"
          xmlns="http://www.w3.org/2000/svg"
        >
          <g
            transform="matrix(1 0 0 1 -8.740039062500045 85.05859375)"
          >
            <path
              d="M58.5449 14.5508C85.791 14.5508 108.35-8.05664 108.35-35.2539C108.35-62.5 85.7422-85.0586 58.4961-85.0586C31.2988-85.0586 8.74023-62.5 8.74023-35.2539C8.74023-8.05664 31.3477 14.5508 58.5449 14.5508ZM58.5449 6.25C35.498 6.25 17.0898-12.207 17.0898-35.2539C17.0898-58.3008 35.4492-76.7578 58.4961-76.7578C81.543-76.7578 100-58.3008 100.049-35.2539C100.098-12.207 81.5918 6.25 58.5449 6.25ZM35.7422-28.1738C39.6484-28.1738 42.8223-31.3477 42.8223-35.3027C42.8223-39.209 39.5996-42.3828 35.7422-42.3828C31.7871-42.3828 28.6133-39.209 28.6133-35.3027C28.6133-31.3477 31.7871-28.1738 35.7422-28.1738ZM58.4961-28.1738C62.4023-28.1738 65.625-31.3477 65.625-35.3027C65.625-39.209 62.4023-42.3828 58.4961-42.3828C54.5898-42.3828 51.3672-39.209 51.3672-35.3027C51.3672-31.3477 54.5898-28.1738 58.4961-28.1738ZM81.2988-28.1738C85.2051-28.1738 88.3789-31.3477 88.3789-35.3027C88.3789-39.209 85.2051-42.3828 81.2988-42.3828C77.3438-42.3828 74.1699-39.209 74.1699-35.3027C74.1699-31.3477 77.3438-28.1738 81.2988-28.1738Z"
            />
          </g>
        </svg>
      </button>
    </div>
  </div>
  <div
    className="flex flex-col grow"
  >
    <div
      className="flex flex-col grow justify-center items-center"
      data-testid="blank"
      onClick={[Function]}
    >
      <div>
        No Todos
      </div>
    </div>
  </div>
</div>
`;
